
> alacarte-client@0.1.0 test
> vitest run


 RUN  v2.1.9 /Users/peter/Workspace/alacarte/client

 ✓ src/pages/Home/__tests__/Home.test.tsx (5 tests) 27ms
 ✓ src/api.test.js (3 tests) 1ms
 ✓ src/hooks/__tests__/useNetworkStatus.test.ts (3 tests) 1ms
 ✓ src/components/SplashScreen/__tests__/SplashScreen.test.tsx (3 tests) 2ms
 ❯ src/pages/Offline/__tests__/Offline.test.tsx (3 tests | 2 failed) 29ms
   × Offline Page > renders the retry button 21ms
     → Found multiple elements with the role "button" and name `/retry/i`

Here are the matching elements:

Ignored nodes: comments, script, style
[36m<button[39m
  [33mclass[39m=[32m"_button_0c6c6f"[39m
[36m>[39m
  [0mRetry[0m
[36m</button>[39m

Ignored nodes: comments, script, style
[36m<button[39m
  [33mclass[39m=[32m"_button_0c6c6f"[39m
[36m>[39m
  [0mRetry[0m
[36m</button>[39m

(If this is intentional, then use the `*AllBy*` variant of the query (like `queryAllByText`, `getAllByText`, or `findAllByText`)).

Ignored nodes: comments, script, style
[36m<body>[39m
  [36m<div />[39m
  [36m<div />[39m
  [36m<div />[39m
  [36m<div>[39m
    [36m<div[39m
      [33mclass[39m=[32m"splashScreen "[39m
    [36m>[39m
      [36m<div[39m
        [33mclass[39m=[32m"content"[39m
      [36m>[39m
        [36m<h1[39m
          [33mclass[39m=[32m"logo"[39m
        [36m>[39m
          [0mAlacarte[0m
        [36m</h1>[39m
      [36m</div>[39m
    [36m</div>[39m
  [36m</div>[39m
  [36m<div />[39m
  [36m<div />[39m
  [36m<div>[39m
    [36m<div[39m
      [33mclass[39m=[32m"_container_0c6c6f"[39m
    [36m>[39m
      [36m<div[39m
        [33mclass[39m=[32m"_content_0c6c6f"[39m
      [36m>[39m
        [36m<div[39m
          [33mclass[39m=[32m"_icon_0c6c6f"[39m
        [36m>[39m
          [0m🌐[0m
        [36m</div>[39m
        [36m<h1[39m
          [33mclass[39m=[32m"_title_0c6c6f"[39m
        [36m>[39m
          [0mNo Internet Connection[0m
        [36m</h1>[39m
        [36m<p[39m
          [33mclass[39m=[32m"_message_0c6c6f"[39m
        [36m>[39m
          [0mIt seems you are offline. Please check your internet connection and try again.[0m
        [36m</p>[39m
        [36m<button[39m
          [33mclass[39m=[32m"_button_0c6c6f"[39m
        [36m>[39m
          [0mRetry[0m
        [36m</button>[39m
      [36m</div>[39m
    [36m</div>[39m
  [36m</div>[39m
  [36m<div>[39m
    [36m<div[39m
      [33mclass[39m=[32m"_container_0c6c6f"[39m
    [36m>[39m
      [36m<div[39m
        [33mclass[39m=[32m"_content_0c6c6f"[39m
      [36m>[39m
        [36m<div[39m
          [33mclass[39m=[32m"_icon_0c6c6f"[39m
        [36m>[39m
          [0m🌐[0m
        [36m</div>[39m
        [36m<h1[39m
          [33mclass[39m=[32m"_title_0c6c6f"[39m
        [36m>[39m
          [0mNo Internet Connection[0m
        [36m</h1>[39m
        [36m<p[39m
          [33mclass[39m=[32m"_message_0c6c6f"[39m
        [36m>[39m
          [0mIt seems you are offline. Please check your internet connection and try again.[0m
        [36m</p>[39m
        [36m<button[39m
          [33mclass[39m=[32m"_button_0c6c6f"[39m
        [36m>[39m
          [0mRetry[0m
        [36m</button>[39m
      [36m</div>[39m
    [36m</div>[39m
  [36m</div>[39m
[36m</body>[39m
   × Offline Page > reloads the page when retry button is clicked 7ms
     → Found multiple elements with the role "button" and name `/retry/i`

Here are the matching elements:

Ignored nodes: comments, script, style
[36m<button[39m
  [33mclass[39m=[32m"_button_0c6c6f"[39m
[36m>[39m
  [0mRetry[0m
[36m</button>[39m

Ignored nodes: comments, script, style
[36m<button[39m
  [33mclass[39m=[32m"_button_0c6c6f"[39m
[36m>[39m
  [0mRetry[0m
[36m</button>[39m

Ignored nodes: comments, script, style
[36m<button[39m
  [33mclass[39m=[32m"_button_0c6c6f"[39m
[36m>[39m
  [0mRetry[0m
[36m</button>[39m

(If this is intentional, then use the `*AllBy*` variant of the query (like `queryAllByText`, `getAllByText`, or `findAllByText`)).

Ignored nodes: comments, script, style
[36m<body>[39m
  [36m<div />[39m
  [36m<div />[39m
  [36m<div />[39m
  [36m<div>[39m
    [36m<div[39m
      [33mclass[39m=[32m"splashScreen "[39m
    [36m>[39m
      [36m<div[39m
        [33mclass[39m=[32m"content"[39m
      [36m>[39m
        [36m<h1[39m
          [33mclass[39m=[32m"logo"[39m
        [36m>[39m
          [0mAlacarte[0m
        [36m</h1>[39m
      [36m</div>[39m
    [36m</div>[39m
  [36m</div>[39m
  [36m<div />[39m
  [36m<div />[39m
  [36m<div>[39m
    [36m<div[39m
      [33mclass[39m=[32m"_container_0c6c6f"[39m
    [36m>[39m
      [36m<div[39m
        [33mclass[39m=[32m"_content_0c6c6f"[39m
      [36m>[39m
        [36m<div[39m
          [33mclass[39m=[32m"_icon_0c6c6f"[39m
        [36m>[39m
          [0m🌐[0m
        [36m</div>[39m
        [36m<h1[39m
          [33mclass[39m=[32m"_title_0c6c6f"[39m
        [36m>[39m
          [0mNo Internet Connection[0m
        [36m</h1>[39m
        [36m<p[39m
          [33mclass[39m=[32m"_message_0c6c6f"[39m
        [36m>[39m
          [0mIt seems you are offline. Please check your internet connection and try again.[0m
        [36m</p>[39m
        [36m<button[39m
          [33mclass[39m=[32m"_button_0c6c6f"[39m
        [36m>[39m
          [0mRetry[0m
        [36m</button>[39m
      [36m</div>[39m
    [36m</div>[39m
  [36m</div>[39m
  [36m<div>[39m
    [36m<div[39m
      [33mclass[39m=[32m"_container_0c6c6f"[39m
    [36m>[39m
      [36m<div[39m
        [33mclass[39m=[32m"_content_0c6c6f"[39m
      [36m>[39m
        [36m<div[39m
          [33mclass[39m=[32m"_icon_0c6c6f"[39m
        [36m>[39m
          [0m🌐[0m
        [36m</div>[39m
        [36m<h1[39m
          [33mclass[39m=[32m"_title_0c6c6f"[39m
        [36m>[39m
          [0mNo Internet Connection[0m
        [36m</h1>[39m
        [36m<p[39m
          [33mclass[39m=[32m"_message_0c6c6f"[39m
        [36m>[39m
          [0mIt seems you are offline. Please check your internet connection and try again.[0m
        [36m</p>[39m
        [36m<button[39m
          [33mclass[39m=[32m"_button_0c6c6f"[39m
        [36m>[39m
          [0mRetry[0m
        [36m</button>[39m
      [36m</div>[39m
    [36m</div>[39m
  [36m</div>[39m
  [36m<div>[39m
    [36m<div[39m
      [33mclass[39m=[32m"_container_0c6c6f"[39m
    [36m>[39m
      [36m<div[39m
        [33mclass[39m=[32m"_content_0c6c6f"[39m
      [36m>[39m
        [36m<div[39m
          [33mclass[39m=[32m"_icon_0c6c6f"[39m
        [36m>[39m
          [0m🌐[0m
        [36m</div>[39m
        [36m<h1[39m
          [33mclass[39m=[32m"_title_0c6c6f"[39m
        [36m>[39m
          [0mNo Internet Connection[0m
        [36m</h1>[39m
        [36m<p[39m
          [33mclass[39m=[32m"_message_0c6c6f"[39m
        [36m>[39m
          [0mIt seems you are offline. Please check your internet connection and try again.[0m
        [36m</p>[39m
        [36m<button[39m
          [33mclass[39m=[32m"_button_0c6c6f"[39m
        [36m>[39m
          [0mRetry[0m
        [36m</button>[39m
      [36m</div>[39m
    [36m</div>[39m
  [36m</div>[39m
[36m</body>[39m
 ✓ src/components/__tests__/History.test.tsx (1 test) 1ms

⎯⎯⎯⎯⎯⎯⎯ Failed Tests 2 ⎯⎯⎯⎯⎯⎯⎯

 FAIL  src/pages/Offline/__tests__/Offline.test.tsx > Offline Page > renders the retry button
TestingLibraryElementError: Found multiple elements with the role "button" and name `/retry/i`

Here are the matching elements:

Ignored nodes: comments, script, style
[36m<button[39m
  [33mclass[39m=[32m"_button_0c6c6f"[39m
[36m>[39m
  [0mRetry[0m
[36m</button>[39m

Ignored nodes: comments, script, style
[36m<button[39m
  [33mclass[39m=[32m"_button_0c6c6f"[39m
[36m>[39m
  [0mRetry[0m
[36m</button>[39m

(If this is intentional, then use the `*AllBy*` variant of the query (like `queryAllByText`, `getAllByText`, or `findAllByText`)).

Ignored nodes: comments, script, style
[36m<body>[39m
  [36m<div />[39m
  [36m<div />[39m
  [36m<div />[39m
  [36m<div>[39m
    [36m<div[39m
      [33mclass[39m=[32m"splashScreen "[39m
    [36m>[39m
      [36m<div[39m
        [33mclass[39m=[32m"content"[39m
      [36m>[39m
        [36m<h1[39m
          [33mclass[39m=[32m"logo"[39m
        [36m>[39m
          [0mAlacarte[0m
        [36m</h1>[39m
      [36m</div>[39m
    [36m</div>[39m
  [36m</div>[39m
  [36m<div />[39m
  [36m<div />[39m
  [36m<div>[39m
    [36m<div[39m
      [33mclass[39m=[32m"_container_0c6c6f"[39m
    [36m>[39m
      [36m<div[39m
        [33mclass[39m=[32m"_content_0c6c6f"[39m
      [36m>[39m
        [36m<div[39m
          [33mclass[39m=[32m"_icon_0c6c6f"[39m
        [36m>[39m
          [0m🌐[0m
        [36m</div>[39m
        [36m<h1[39m
          [33mclass[39m=[32m"_title_0c6c6f"[39m
        [36m>[39m
          [0mNo Internet Connection[0m
        [36m</h1>[39m
        [36m<p[39m
          [33mclass[39m=[32m"_message_0c6c6f"[39m
        [36m>[39m
          [0mIt seems you are offline. Please check your internet connection and try again.[0m
        [36m</p>[39m
        [36m<button[39m
          [33mclass[39m=[32m"_button_0c6c6f"[39m
        [36m>[39m
          [0mRetry[0m
        [36m</button>[39m
      [36m</div>[39m
    [36m</div>[39m
  [36m</div>[39m
  [36m<div>[39m
    [36m<div[39m
      [33mclass[39m=[32m"_container_0c6c6f"[39m
    [36m>[39m
      [36m<div[39m
        [33mclass[39m=[32m"_content_0c6c6f"[39m
      [36m>[39m
        [36m<div[39m
          [33mclass[39m=[32m"_icon_0c6c6f"[39m
        [36m>[39m
          [0m🌐[0m
        [36m</div>[39m
        [36m<h1[39m
          [33mclass[39m=[32m"_title_0c6c6f"[39m
        [36m>[39m
          [0mNo Internet Connection[0m
        [36m</h1>[39m
        [36m<p[39m
          [33mclass[39m=[32m"_message_0c6c6f"[39m
        [36m>[39m
          [0mIt seems you are offline. Please check your internet connection and try again.[0m
        [36m</p>[39m
        [36m<button[39m
          [33mclass[39m=[32m"_button_0c6c6f"[39m
        [36m>[39m
          [0mRetry[0m
        [36m</button>[39m
      [36m</div>[39m
    [36m</div>[39m
  [36m</div>[39m
[36m</body>[39m
 ❯ Object.getElementError node_modules/@testing-library/dom/dist/config.js:37:19
 ❯ getElementError node_modules/@testing-library/dom/dist/query-helpers.js:20:35
 ❯ getMultipleElementsFoundError node_modules/@testing-library/dom/dist/query-helpers.js:23:10
 ❯ node_modules/@testing-library/dom/dist/query-helpers.js:55:13
 ❯ node_modules/@testing-library/dom/dist/query-helpers.js:95:19
 ❯ src/pages/Offline/__tests__/Offline.test.tsx:15:19
     13|   it('renders the retry button', () => {
     14|     render(<Offline />);
     15|     expect(screen.getByRole('button', { name: /retry/i })).toBeInTheDo…
       |                   ^
     16|   });
     17| 

⎯⎯⎯⎯⎯⎯⎯⎯⎯⎯⎯⎯⎯⎯⎯⎯⎯⎯⎯⎯⎯⎯⎯⎯[1/2]⎯

 FAIL  src/pages/Offline/__tests__/Offline.test.tsx > Offline Page > reloads the page when retry button is clicked
TestingLibraryElementError: Found multiple elements with the role "button" and name `/retry/i`

Here are the matching elements:

Ignored nodes: comments, script, style
[36m<button[39m
  [33mclass[39m=[32m"_button_0c6c6f"[39m
[36m>[39m
  [0mRetry[0m
[36m</button>[39m

Ignored nodes: comments, script, style
[36m<button[39m
  [33mclass[39m=[32m"_button_0c6c6f"[39m
[36m>[39m
  [0mRetry[0m
[36m</button>[39m

Ignored nodes: comments, script, style
[36m<button[39m
  [33mclass[39m=[32m"_button_0c6c6f"[39m
[36m>[39m
  [0mRetry[0m
[36m</button>[39m

(If this is intentional, then use the `*AllBy*` variant of the query (like `queryAllByText`, `getAllByText`, or `findAllByText`)).

Ignored nodes: comments, script, style
[36m<body>[39m
  [36m<div />[39m
  [36m<div />[39m
  [36m<div />[39m
  [36m<div>[39m
    [36m<div[39m
      [33mclass[39m=[32m"splashScreen "[39m
    [36m>[39m
      [36m<div[39m
        [33mclass[39m=[32m"content"[39m
      [36m>[39m
        [36m<h1[39m
          [33mclass[39m=[32m"logo"[39m
        [36m>[39m
          [0mAlacarte[0m
        [36m</h1>[39m
      [36m</div>[39m
    [36m</div>[39m
  [36m</div>[39m
  [36m<div />[39m
  [36m<div />[39m
  [36m<div>[39m
    [36m<div[39m
      [33mclass[39m=[32m"_container_0c6c6f"[39m
    [36m>[39m
      [36m<div[39m
        [33mclass[39m=[32m"_content_0c6c6f"[39m
      [36m>[39m
        [36m<div[39m
          [33mclass[39m=[32m"_icon_0c6c6f"[39m
        [36m>[39m
          [0m🌐[0m
        [36m</div>[39m
        [36m<h1[39m
          [33mclass[39m=[32m"_title_0c6c6f"[39m
        [36m>[39m
          [0mNo Internet Connection[0m
        [36m</h1>[39m
        [36m<p[39m
          [33mclass[39m=[32m"_message_0c6c6f"[39m
        [36m>[39m
          [0mIt seems you are offline. Please check your internet connection and try again.[0m
        [36m</p>[39m
        [36m<button[39m
          [33mclass[39m=[32m"_button_0c6c6f"[39m
        [36m>[39m
          [0mRetry[0m
        [36m</button>[39m
      [36m</div>[39m
    [36m</div>[39m
  [36m</div>[39m
  [36m<div>[39m
    [36m<div[39m
      [33mclass[39m=[32m"_container_0c6c6f"[39m
    [36m>[39m
      [36m<div[39m
        [33mclass[39m=[32m"_content_0c6c6f"[39m
      [36m>[39m
        [36m<div[39m
          [33mclass[39m=[32m"_icon_0c6c6f"[39m
        [36m>[39m
          [0m🌐[0m
        [36m</div>[39m
        [36m<h1[39m
          [33mclass[39m=[32m"_title_0c6c6f"[39m
        [36m>[39m
          [0mNo Internet Connection[0m
        [36m</h1>[39m
        [36m<p[39m
          [33mclass[39m=[32m"_message_0c6c6f"[39m
        [36m>[39m
          [0mIt seems you are offline. Please check your internet connection and try again.[0m
        [36m</p>[39m
        [36m<button[39m
          [33mclass[39m=[32m"_button_0c6c6f"[39m
        [36m>[39m
          [0mRetry[0m
        [36m</button>[39m
      [36m</div>[39m
    [36m</div>[39m
  [36m</div>[39m
  [36m<div>[39m
    [36m<div[39m
      [33mclass[39m=[32m"_container_0c6c6f"[39m
    [36m>[39m
      [36m<div[39m
        [33mclass[39m=[32m"_content_0c6c6f"[39m
      [36m>[39m
        [36m<div[39m
          [33mclass[39m=[32m"_icon_0c6c6f"[39m
        [36m>[39m
          [0m🌐[0m
        [36m</div>[39m
        [36m<h1[39m
          [33mclass[39m=[32m"_title_0c6c6f"[39m
        [36m>[39m
          [0mNo Internet Connection[0m
        [36m</h1>[39m
        [36m<p[39m
          [33mclass[39m=[32m"_message_0c6c6f"[39m
        [36m>[39m
          [0mIt seems you are offline. Please check your internet connection and try again.[0m
        [36m</p>[39m
        [36m<button[39m
          [33mclass[39m=[32m"_button_0c6c6f"[39m
        [36m>[39m
          [0mRetry[0m
        [36m</button>[39m
      [36m</div>[39m
    [36m</div>[39m
  [36m</div>[39m
[36m</body>[39m
 ❯ Object.getElementError node_modules/@testing-library/dom/dist/config.js:37:19
 ❯ getElementError node_modules/@testing-library/dom/dist/query-helpers.js:20:35
 ❯ getMultipleElementsFoundError node_modules/@testing-library/dom/dist/query-helpers.js:23:10
 ❯ node_modules/@testing-library/dom/dist/query-helpers.js:55:13
 ❯ node_modules/@testing-library/dom/dist/query-helpers.js:95:19
 ❯ src/pages/Offline/__tests__/Offline.test.tsx:25:32
     23| 
     24|     render(<Offline />);
     25|     const retryButton = screen.getByRole('button', { name: /retry/i });
       |                                ^
     26|     fireEvent.click(retryButton);
     27| 

⎯⎯⎯⎯⎯⎯⎯⎯⎯⎯⎯⎯⎯⎯⎯⎯⎯⎯⎯⎯⎯⎯⎯⎯[2/2]⎯

 Test Files  1 failed | 5 passed (6)
      Tests  2 failed | 16 passed (18)
   Start at  14:22:33
   Duration  364ms (transform 58ms, setup 22ms, collect 87ms, tests 61ms, environment 111ms, prepare 22ms)

